\BOOKMARK [1][-]{section.1}{\376\377\130\061\124\112\211\217\173\304\202\007\212\125\122\006\230\005\166\356\134\015\161\147}{}% 1
\BOOKMARK [1][-]{section.2}{\376\377\134\010\150\110\200\314\146\157\202\007\121\154\123\370\116\313\175\071}{}% 2
\BOOKMARK [2][-]{subsection.2.1}{\376\377\124\010\117\134\121\154\123\370\200\314\146\157}{section.2}% 3
\BOOKMARK [2][-]{subsection.2.2}{\376\377\134\010\150\110\122\325\152\137}{section.2}% 4
\BOOKMARK [1][-]{section.3}{\376\377\212\052\212\307\121\147\133\271\202\007\165\333\236\336\122\006\147\220}{}% 5
\BOOKMARK [2][-]{subsection.3.1}{\376\377\212\052\212\307\144\130\211\201}{section.3}% 6
\BOOKMARK [2][-]{subsection.3.2}{\376\377\163\376\210\114\155\101\172\013}{section.3}% 7
\BOOKMARK [2][-]{subsection.3.3}{\376\377\150\070\137\303\165\333\236\336}{section.3}% 8
\BOOKMARK [3][-]{subsubsection.3.3.1}{\376\377\165\333\236\336\116\000\377\032\000E\000R\000P\000\040\155\101\172\013\220\116\221\315\377\014\202\007\134\017\127\213\135\345\172\013\210\114\145\345\136\070\116\015\123\071\221\115}{subsection.3.3}% 9
\BOOKMARK [3][-]{subsubsection.3.3.2}{\376\377\165\333\236\336\116\214\377\032\212\002\125\256\202\007\221\115\220\001\162\300\141\113\122\006\145\143}{subsection.3.3}% 10
\BOOKMARK [3][-]{subsubsection.3.3.3}{\376\377\165\333\236\336\116\011\377\032\136\063\153\076\217\375\216\144\155\367\116\202}{subsection.3.3}% 11
\BOOKMARK [3][-]{subsubsection.3.3.4}{\376\377\165\333\236\336\126\333\377\032\161\337\220\113\214\307\145\231\161\041\154\325\137\142\142\020\154\172\173\126\117\235\144\332}{subsection.3.3}% 12
\BOOKMARK [2][-]{subsection.3.4}{\376\377\134\010\150\110\173\304\127\015\123\326\143\150}{section.3}% 13
\BOOKMARK [1][-]{section.4}{\376\377\125\106\151\155\152\041\137\017\165\153\136\003}{}% 14
\BOOKMARK [1][-]{section.5}{\376\377\165\333\236\336\211\343\154\172\145\271\150\110\202\007\174\373\175\161\166\356\152\031}{}% 15
\BOOKMARK [2][-]{subsection.5.1}{\376\377\145\164\232\324\211\343\145\271}{section.5}% 16
\BOOKMARK [2][-]{subsection.5.2}{\376\377\225\213\166\174\166\356\152\031}{section.5}% 17
\BOOKMARK [1][-]{section.6}{\376\377\174\373\175\161\212\055\212\010\202\007\147\266\151\313}{}% 18
\BOOKMARK [2][-]{subsection.6.1}{\376\377\145\164\232\324\147\266\151\313}{section.6}% 19
\BOOKMARK [2][-]{subsection.6.2}{\376\377\142\200\210\123\220\170\127\213}{section.6}% 20
\BOOKMARK [2][-]{subsection.6.3}{\376\377\214\307\145\231\136\253\212\055\212\010}{section.6}% 21
\BOOKMARK [2][-]{subsection.6.4}{\376\377\212\002\125\256\162\300\141\113\202\007\153\143\170\272\140\047\211\217\122\107}{section.6}% 22
\BOOKMARK [2][-]{subsection.6.5}{\376\377\215\350\000\040\000R\000e\000p\000o\000s\000i\000t\000o\000r\000y\000\040\123\124\117\134}{section.6}% 23
\BOOKMARK [1][-]{section.7}{\376\377\174\373\175\161\122\237\200\375\202\007\117\177\165\050\155\101\172\013}{}% 24
\BOOKMARK [2][-]{subsection.7.1}{\376\377\000D\000a\000s\000h\000b\000o\000a\000r\000d\000\040\122\237\200\375}{section.7}% 25
\BOOKMARK [2][-]{subsection.7.2}{\376\377\000L\000I\000N\000E\000\040\000B\000o\000t\000\040\117\177\165\050\155\101\172\013}{section.7}% 26
\BOOKMARK [2][-]{subsection.7.3}{\376\377\130\061\210\150\123\057\121\372}{section.7}% 27
\BOOKMARK [2][-]{subsection.7.4}{\376\377\000A\000I\000\040\146\172\141\147\230\147\125\117}{section.7}% 28
\BOOKMARK [1][-]{section.8}{\376\377\174\373\175\161\153\143\170\272\140\047\202\007\156\054\212\146\232\127\213\111}{}% 29
\BOOKMARK [2][-]{subsection.8.1}{\376\377\127\213\122\045\202\007\214\307\145\231\232\127\213\111}{section.8}% 30
\BOOKMARK [2][-]{subsection.8.2}{\376\377\156\054\212\146\155\265\204\313}{section.8}% 31
\BOOKMARK [2][-]{subsection.8.3}{\376\377\135\362\167\345\226\120\122\066}{section.8}% 32
\BOOKMARK [1][-]{section.9}{\376\377\202\007\145\342\147\011\211\343\154\172\145\271\150\110\116\113\135\356\165\160\202\007\122\165\145\260\140\047}{}% 33
\BOOKMARK [2][-]{subsection.9.1}{\376\377\202\007\000\040\000E\000R\000P\000\040\174\373\175\161\153\324\217\003}{section.9}% 34
\BOOKMARK [2][-]{subsection.9.2}{\376\377\202\007\000\040\000E\000x\000c\000e\000l\060\001\175\031\147\054\142\026\175\024\000\040\000L\000I\000N\000E\000\040\175\000\223\004\153\324\217\003}{section.9}% 35
\BOOKMARK [2][-]{subsection.9.3}{\376\377\122\165\145\260\140\047}{section.9}% 36
\BOOKMARK [1][-]{section.10}{\376\377\134\015\117\001\151\155\230\020\147\037\165\042\165\037\116\113\145\110\166\312}{}% 37
\BOOKMARK [2][-]{subsection.10.1}{\376\377\117\134\151\155\145\110\163\207\143\320\123\107}{section.10}% 38
\BOOKMARK [2][-]{subsection.10.2}{\376\377\136\063\153\076\230\250\226\252\226\115\117\116}{section.10}% 39
\BOOKMARK [2][-]{subsection.10.3}{\376\377\214\307\212\012\220\017\146\016\136\246\143\320\123\107}{section.10}% 40
\BOOKMARK [2][-]{subsection.10.4}{\376\377\154\172\173\126\124\301\214\352\143\320\123\107}{section.10}% 41
\BOOKMARK [1][-]{section.11}{\376\377\134\010\150\110\125\137\166\174\202\007\147\052\117\206\134\125\147\033}{}% 42
\BOOKMARK [2][-]{subsection.11.1}{\376\377\134\010\150\110\125\137\166\174}{section.11}% 43
\BOOKMARK [2][-]{subsection.11.2}{\376\377\147\052\117\206\134\125\147\033}{section.11}% 44
\BOOKMARK [1][-]{section.12}{\376\377\116\244\116\330\121\147\133\271\202\007\127\367\210\114\145\271\137\017}{}% 45
\BOOKMARK [2][-]{subsection.12.1}{\376\377\134\010\150\110\116\244\116\330\121\147\133\271}{section.12}% 46
\BOOKMARK [2][-]{subsection.12.2}{\376\377\000D\000a\000s\000h\000b\000o\000a\000r\000d\000\040\127\367\210\114\145\271\137\017}{section.12}% 47
\BOOKMARK [2][-]{subsection.12.3}{\376\377\000L\000I\000N\000E\000\040\000B\000o\000t\000\040\127\367\210\114\145\271\137\017}{section.12}% 48
\BOOKMARK [1][-]{section.13}{\376\377\175\120\212\326}{}% 49
